2025-10-07 16:31:27,832 | INFO | httpx | Line: 1025 | Message: HTTP Request: GET https://dagshub.com/api/v1/user "HTTP/1.1 200 OK"
2025-10-07 16:31:27,836 | INFO | dagshub | Line: 107 | Message: Accessing as Rajat-Shrma
2025-10-07 16:31:29,247 | INFO | httpx | Line: 1025 | Message: HTTP Request: GET https://dagshub.com/api/v1/repos/Rajat-Shrma/NetworkSecurity "HTTP/1.1 200 OK"
2025-10-07 16:31:30,484 | INFO | httpx | Line: 1025 | Message: HTTP Request: GET https://dagshub.com/api/v1/user "HTTP/1.1 200 OK"
2025-10-07 16:31:30,484 | INFO | dagshub | Line: 107 | Message: Initialized MLflow to track repo "Rajat-Shrma/NetworkSecurity"
2025-10-07 16:31:30,484 | INFO | dagshub | Line: 107 | Message: Repository Rajat-Shrma/NetworkSecurity initialized!
2025-10-07 16:31:42,217 | INFO | root | Line: 28 | Message: Data Ingestion Started.
2025-10-07 16:31:46,912 | INFO | root | Line: 38 | Message: Data reading from mongo db. Done.
2025-10-07 16:31:51,917 | INFO | root | Line: 56 | Message: raw data file saved.
2025-10-07 16:31:51,917 | INFO | root | Line: 63 | Message: Train Test Split Begin.
2025-10-07 16:31:51,976 | INFO | root | Line: 71 | Message: Train Set Saved.
2025-10-07 16:31:51,987 | INFO | root | Line: 74 | Message: Test Set Saved.
2025-10-07 16:31:51,987 | INFO | root | Line: 32 | Message: Data Ingestion Completed.
2025-10-07 16:31:51,987 | INFO | root | Line: 43 | Message: Data Validation Started.
2025-10-07 16:31:52,020 | INFO | root | Line: 32 | Message: Required Number Of Columns: 31 | The Input Dataframe has 31 columns
2025-10-07 16:31:52,020 | INFO | root | Line: 32 | Message: Required Number Of Columns: 31 | The Input Dataframe has 31 columns
2025-10-07 16:31:52,021 | INFO | root | Line: 50 | Message: Required Number Of Numberical Columns: 31 | The Input Dataframe has 31 columns
2025-10-07 16:31:52,021 | INFO | root | Line: 50 | Message: Required Number Of Numberical Columns: 31 | The Input Dataframe has 31 columns
2025-10-07 16:31:52,175 | INFO | root | Line: 47 | Message: Data Validation Completed.
2025-10-07 16:31:52,175 | INFO | root | Line: 56 | Message: Data Transformation Started.
2025-10-07 16:31:52,176 | INFO | root | Line: 52 | Message: Entered into data transformation
2025-10-07 16:31:52,176 | INFO | root | Line: 55 | Message: starting data transformation
2025-10-07 16:31:52,198 | INFO | root | Line: 39 | Message: Enter get_data_transformer_object method of transformation class
2025-10-07 16:31:52,225 | INFO | root | Line: 60 | Message: Data Transformation Completed.
2025-10-07 16:31:52,225 | INFO | root | Line: 69 | Message: Model Training Started.
2025-10-07 16:31:57,419 | INFO | root | Line: 109 | Message: logistic_regression Done!
2025-10-07 16:32:18,512 | INFO | root | Line: 109 | Message: gradient_boosting Done!
2025-10-07 16:32:25,995 | INFO | root | Line: 109 | Message: ada_boost Done!
2025-10-07 16:32:30,472 | INFO | root | Line: 109 | Message: decision_tree Done!
2025-10-07 16:32:41,557 | INFO | root | Line: 109 | Message: svc Done!
2025-10-07 16:32:59,268 | INFO | root | Line: 109 | Message: knn Done!
2025-10-07 16:33:03,273 | INFO | root | Line: 109 | Message: naive_bayes Done!
2025-10-07 16:33:03,273 | INFO | root | Line: 57 | Message: Best Model Found: gradient_boosting
2025-10-07 16:33:25,231 | INFO | root | Line: 73 | Message: Model Training Completed.
